// Bun Snapshot v1, https://bun.sh/docs/test/snapshots

exports[`S3 ListObjects retrieves list: response 1`] = `
{
  "commonPrefixes": [
    {
      "prefix": "prefixA",
    },
    {
      "prefix": "prefixB",
    },
  ],
  "contents": [
    {
      "etag": "etag1",
      "key": "prefixB/test/example.txt",
      "lastModified": "2025-01-01T01:02:03.123Z",
      "size": 123,
    },
    {
      "etag": "",
      "key": "prefixA/escape.txt",
      "lastModified": "2025-01-02T01:02:03.123Z",
      "size": 456,
    },
  ],
  "continuationToken": "ct",
  "delimiter": "",
  "encodingType": "",
  "isTruncated": false,
  "keyCount": 1,
  "maxKeys": 3,
  "name": "example",
  "nextContinuationToken": "test_next",
  "prefix": "",
  "startAfter": "example0.txt",
}
`;
